[2025-11-20T22:26:22.303+0100][gc,init] CardTable entry size: 512
[2025-11-20T22:26:22.303+0100][gc     ] Using G1
[2025-11-20T22:26:22.325+0100][gc,init] Version: 21.0.8+9-Ubuntu-0ubuntu124.04.1 (release)
[2025-11-20T22:26:22.325+0100][gc,init] CPUs: 16 total, 16 available
[2025-11-20T22:26:22.325+0100][gc,init] Memory: 23443M
[2025-11-20T22:26:22.325+0100][gc,init] Large Page Support: Disabled
[2025-11-20T22:26:22.325+0100][gc,init] NUMA Support: Disabled
[2025-11-20T22:26:22.325+0100][gc,init] Compressed Oops: Enabled (32-bit)
[2025-11-20T22:26:22.325+0100][gc,init] Heap Region Size: 1M
[2025-11-20T22:26:22.325+0100][gc,init] Heap Min Capacity: 1G
[2025-11-20T22:26:22.325+0100][gc,init] Heap Initial Capacity: 1G
[2025-11-20T22:26:22.325+0100][gc,init] Heap Max Capacity: 1G
[2025-11-20T22:26:22.325+0100][gc,init] Pre-touch: Disabled
[2025-11-20T22:26:22.325+0100][gc,init] Parallel Workers: 13
[2025-11-20T22:26:22.325+0100][gc,init] Concurrent Workers: 3
[2025-11-20T22:26:22.325+0100][gc,init] Concurrent Refinement Workers: 13
[2025-11-20T22:26:22.325+0100][gc,init] Periodic GC: Disabled
[2025-11-20T22:26:22.339+0100][gc,metaspace] CDS archive(s) mapped at: [0x00007d263b000000-0x00007d263bca0000-0x00007d263bca0000), size 13238272, SharedBaseAddress: 0x00007d263b000000, ArchiveRelocationMode: 1.
[2025-11-20T22:26:22.339+0100][gc,metaspace] Compressed class space mapped at: 0x00007d263c000000-0x00007d267c000000, reserved size: 1073741824
[2025-11-20T22:26:22.339+0100][gc,metaspace] Narrow klass base: 0x00007d263b000000, Narrow klass shift: 0, Narrow klass range: 0x100000000
[2025-11-20T22:26:23.706+0100][gc,start    ] GC(0) Pause Young (Normal) (G1 Evacuation Pause)
[2025-11-20T22:26:23.708+0100][gc,task     ] GC(0) Using 13 workers of 13 for evacuation
[2025-11-20T22:26:23.716+0100][gc,phases   ] GC(0)   Pre Evacuate Collection Set: 0.4ms
[2025-11-20T22:26:23.716+0100][gc,phases   ] GC(0)   Merge Heap Roots: 0.3ms
[2025-11-20T22:26:23.716+0100][gc,phases   ] GC(0)   Evacuate Collection Set: 5.4ms
[2025-11-20T22:26:23.716+0100][gc,phases   ] GC(0)   Post Evacuate Collection Set: 1.6ms
[2025-11-20T22:26:23.716+0100][gc,phases   ] GC(0)   Other: 2.1ms
[2025-11-20T22:26:23.716+0100][gc,heap     ] GC(0) Eden regions: 51->0(44)
[2025-11-20T22:26:23.716+0100][gc,heap     ] GC(0) Survivor regions: 0->7(7)
[2025-11-20T22:26:23.716+0100][gc,heap     ] GC(0) Old regions: 2->3
[2025-11-20T22:26:23.716+0100][gc,heap     ] GC(0) Humongous regions: 0->0
[2025-11-20T22:26:23.716+0100][gc,metaspace] GC(0) Metaspace: 16971K(17216K)->16971K(17216K) NonClass: 14981K(15104K)->14981K(15104K) Class: 1989K(2112K)->1989K(2112K)
[2025-11-20T22:26:23.716+0100][gc          ] GC(0) Pause Young (Normal) (G1 Evacuation Pause) 52M->9M(1024M) 10.292ms
[2025-11-20T22:26:23.716+0100][gc,cpu      ] GC(0) User=0.04s Sys=0.02s Real=0.01s
[2025-11-20T22:26:23.977+0100][gc,start    ] GC(1) Pause Young (Concurrent Start) (Metadata GC Threshold)
[2025-11-20T22:26:23.977+0100][gc,task     ] GC(1) Using 13 workers of 13 for evacuation
[2025-11-20T22:26:23.981+0100][gc,phases   ] GC(1)   Pre Evacuate Collection Set: 0.3ms
[2025-11-20T22:26:23.981+0100][gc,phases   ] GC(1)   Merge Heap Roots: 0.1ms
[2025-11-20T22:26:23.981+0100][gc,phases   ] GC(1)   Evacuate Collection Set: 2.6ms
[2025-11-20T22:26:23.981+0100][gc,phases   ] GC(1)   Post Evacuate Collection Set: 0.8ms
[2025-11-20T22:26:23.981+0100][gc,phases   ] GC(1)   Other: 0.1ms
[2025-11-20T22:26:23.981+0100][gc,heap     ] GC(1) Eden regions: 16->0(49)
[2025-11-20T22:26:23.981+0100][gc,heap     ] GC(1) Survivor regions: 7->2(7)
[2025-11-20T22:26:23.981+0100][gc,heap     ] GC(1) Old regions: 3->11
[2025-11-20T22:26:23.981+0100][gc,heap     ] GC(1) Humongous regions: 0->0
[2025-11-20T22:26:23.981+0100][gc,metaspace] GC(1) Metaspace: 21296K(21504K)->21296K(21504K) NonClass: 18807K(18944K)->18807K(18944K) Class: 2488K(2560K)->2488K(2560K)
[2025-11-20T22:26:23.981+0100][gc          ] GC(1) Pause Young (Concurrent Start) (Metadata GC Threshold) 24M->10M(1024M) 4.139ms
[2025-11-20T22:26:23.981+0100][gc,cpu      ] GC(1) User=0.02s Sys=0.01s Real=0.00s
[2025-11-20T22:26:23.981+0100][gc          ] GC(2) Concurrent Mark Cycle
[2025-11-20T22:26:23.981+0100][gc,marking  ] GC(2) Concurrent Scan Root Regions
[2025-11-20T22:26:23.983+0100][gc,marking  ] GC(2) Concurrent Scan Root Regions 1.674ms
[2025-11-20T22:26:23.983+0100][gc,marking  ] GC(2) Concurrent Mark
[2025-11-20T22:26:23.983+0100][gc,marking  ] GC(2) Concurrent Mark From Roots
[2025-11-20T22:26:23.983+0100][gc,task     ] GC(2) Using 3 workers of 3 for marking
[2025-11-20T22:26:23.985+0100][gc,marking  ] GC(2) Concurrent Mark From Roots 1.812ms
[2025-11-20T22:26:23.985+0100][gc,marking  ] GC(2) Concurrent Preclean
[2025-11-20T22:26:23.985+0100][gc,marking  ] GC(2) Concurrent Preclean 0.029ms
[2025-11-20T22:26:23.987+0100][gc,start    ] GC(2) Pause Remark
[2025-11-20T22:26:23.989+0100][gc          ] GC(2) Pause Remark 11M->11M(1024M) 1.872ms
[2025-11-20T22:26:23.989+0100][gc,cpu      ] GC(2) User=0.01s Sys=0.00s Real=0.00s
[2025-11-20T22:26:23.989+0100][gc,marking  ] GC(2) Concurrent Mark 6.030ms
[2025-11-20T22:26:23.989+0100][gc,marking  ] GC(2) Concurrent Rebuild Remembered Sets and Scrub Regions
[2025-11-20T22:26:23.991+0100][gc,marking  ] GC(2) Concurrent Rebuild Remembered Sets and Scrub Regions 1.343ms
[2025-11-20T22:26:23.991+0100][gc,start    ] GC(2) Pause Cleanup
[2025-11-20T22:26:23.991+0100][gc          ] GC(2) Pause Cleanup 11M->11M(1024M) 0.230ms
[2025-11-20T22:26:23.991+0100][gc,cpu      ] GC(2) User=0.00s Sys=0.00s Real=0.00s
[2025-11-20T22:26:23.991+0100][gc,marking  ] GC(2) Concurrent Clear Claimed Marks
[2025-11-20T22:26:23.991+0100][gc,marking  ] GC(2) Concurrent Clear Claimed Marks 0.028ms
[2025-11-20T22:26:23.991+0100][gc,marking  ] GC(2) Concurrent Cleanup for Next Mark
[2025-11-20T22:26:23.995+0100][gc,marking  ] GC(2) Concurrent Cleanup for Next Mark 4.414ms
[2025-11-20T22:26:23.996+0100][gc          ] GC(2) Concurrent Mark Cycle 14.161ms
[2025-11-20T22:26:24.888+0100][gc,start    ] GC(3) Pause Young (Prepare Mixed) (G1 Evacuation Pause)
[2025-11-20T22:26:24.888+0100][gc,task     ] GC(3) Using 13 workers of 13 for evacuation
[2025-11-20T22:26:24.898+0100][gc,phases   ] GC(3)   Pre Evacuate Collection Set: 0.4ms
[2025-11-20T22:26:24.898+0100][gc,phases   ] GC(3)   Merge Heap Roots: 0.2ms
[2025-11-20T22:26:24.898+0100][gc,phases   ] GC(3)   Evacuate Collection Set: 7.8ms
[2025-11-20T22:26:24.898+0100][gc,phases   ] GC(3)   Post Evacuate Collection Set: 1.9ms
[2025-11-20T22:26:24.898+0100][gc,phases   ] GC(3)   Other: 0.1ms
[2025-11-20T22:26:24.898+0100][gc,heap     ] GC(3) Eden regions: 49->0(44)
[2025-11-20T22:26:24.898+0100][gc,heap     ] GC(3) Survivor regions: 2->7(7)
[2025-11-20T22:26:24.898+0100][gc,heap     ] GC(3) Old regions: 11->11
[2025-11-20T22:26:24.898+0100][gc,heap     ] GC(3) Humongous regions: 129->129
[2025-11-20T22:26:24.898+0100][gc,metaspace] GC(3) Metaspace: 32898K(33216K)->32898K(33216K) NonClass: 29317K(29504K)->29317K(29504K) Class: 3581K(3712K)->3581K(3712K)
[2025-11-20T22:26:24.898+0100][gc          ] GC(3) Pause Young (Prepare Mixed) (G1 Evacuation Pause) 188M->144M(1024M) 10.696ms
[2025-11-20T22:26:24.898+0100][gc,cpu      ] GC(3) User=0.04s Sys=0.00s Real=0.01s
[2025-11-20T22:26:25.108+0100][gc,start    ] GC(4) Pause Young (Mixed) (Metadata GC Threshold)
[2025-11-20T22:26:25.108+0100][gc,task     ] GC(4) Using 13 workers of 13 for evacuation
[2025-11-20T22:26:25.119+0100][gc,phases   ] GC(4)   Pre Evacuate Collection Set: 1.3ms
[2025-11-20T22:26:25.119+0100][gc,phases   ] GC(4)   Merge Heap Roots: 0.3ms
[2025-11-20T22:26:25.119+0100][gc,phases   ] GC(4)   Evacuate Collection Set: 7.6ms
[2025-11-20T22:26:25.119+0100][gc,phases   ] GC(4)   Post Evacuate Collection Set: 2.2ms
[2025-11-20T22:26:25.119+0100][gc,phases   ] GC(4)   Other: 0.1ms
[2025-11-20T22:26:25.119+0100][gc,heap     ] GC(4) Eden regions: 13->0(49)
[2025-11-20T22:26:25.119+0100][gc,heap     ] GC(4) Survivor regions: 7->2(7)
[2025-11-20T22:26:25.119+0100][gc,heap     ] GC(4) Old regions: 11->16
[2025-11-20T22:26:25.120+0100][gc,heap     ] GC(4) Humongous regions: 129->129
[2025-11-20T22:26:25.120+0100][gc,metaspace] GC(4) Metaspace: 35894K(36160K)->35894K(36160K) NonClass: 31971K(32128K)->31971K(32128K) Class: 3923K(4032K)->3923K(4032K)
[2025-11-20T22:26:25.120+0100][gc          ] GC(4) Pause Young (Mixed) (Metadata GC Threshold) 157M->145M(1024M) 11.735ms
[2025-11-20T22:26:25.120+0100][gc,cpu      ] GC(4) User=0.06s Sys=0.01s Real=0.01s
[2025-11-20T22:26:25.165+0100][gc,start    ] GC(5) Pause Young (Concurrent Start) (Metadata GC Threshold)
[2025-11-20T22:26:25.165+0100][gc,task     ] GC(5) Using 13 workers of 13 for evacuation
[2025-11-20T22:26:25.169+0100][gc,phases   ] GC(5)   Pre Evacuate Collection Set: 0.8ms
[2025-11-20T22:26:25.169+0100][gc,phases   ] GC(5)   Merge Heap Roots: 0.1ms
[2025-11-20T22:26:25.169+0100][gc,phases   ] GC(5)   Evacuate Collection Set: 1.5ms
[2025-11-20T22:26:25.169+0100][gc,phases   ] GC(5)   Post Evacuate Collection Set: 1.0ms
[2025-11-20T22:26:25.169+0100][gc,phases   ] GC(5)   Other: 0.2ms
[2025-11-20T22:26:25.169+0100][gc,heap     ] GC(5) Eden regions: 3->0(50)
[2025-11-20T22:26:25.169+0100][gc,heap     ] GC(5) Survivor regions: 2->1(7)
[2025-11-20T22:26:25.169+0100][gc,heap     ] GC(5) Old regions: 16->16
[2025-11-20T22:26:25.169+0100][gc,heap     ] GC(5) Humongous regions: 129->129
[2025-11-20T22:26:25.169+0100][gc,metaspace] GC(5) Metaspace: 36202K(36480K)->36202K(36480K) NonClass: 32246K(32448K)->32246K(32448K) Class: 3955K(4032K)->3955K(4032K)
[2025-11-20T22:26:25.169+0100][gc          ] GC(5) Pause Young (Concurrent Start) (Metadata GC Threshold) 147M->145M(1024M) 4.176ms
[2025-11-20T22:26:25.169+0100][gc,cpu      ] GC(5) User=0.02s Sys=0.01s Real=0.00s
[2025-11-20T22:26:25.169+0100][gc          ] GC(6) Concurrent Mark Cycle
[2025-11-20T22:26:25.169+0100][gc,marking  ] GC(6) Concurrent Scan Root Regions
[2025-11-20T22:26:25.172+0100][gc,marking  ] GC(6) Concurrent Scan Root Regions 2.881ms
[2025-11-20T22:26:25.172+0100][gc,marking  ] GC(6) Concurrent Mark
[2025-11-20T22:26:25.172+0100][gc,marking  ] GC(6) Concurrent Mark From Roots
[2025-11-20T22:26:25.172+0100][gc,task     ] GC(6) Using 3 workers of 3 for marking
[2025-11-20T22:26:25.192+0100][gc,marking  ] GC(6) Concurrent Mark From Roots 19.770ms
[2025-11-20T22:26:25.192+0100][gc,marking  ] GC(6) Concurrent Preclean
[2025-11-20T22:26:25.192+0100][gc,marking  ] GC(6) Concurrent Preclean 0.116ms
[2025-11-20T22:26:25.193+0100][gc,start    ] GC(6) Pause Remark
[2025-11-20T22:26:25.198+0100][gc          ] GC(6) Pause Remark 146M->146M(1024M) 4.806ms
[2025-11-20T22:26:25.198+0100][gc,cpu      ] GC(6) User=0.01s Sys=0.00s Real=0.00s
[2025-11-20T22:26:25.201+0100][gc,marking  ] GC(6) Concurrent Mark 28.851ms
[2025-11-20T22:26:25.201+0100][gc,marking  ] GC(6) Concurrent Rebuild Remembered Sets and Scrub Regions
[2025-11-20T22:26:25.211+0100][gc,marking  ] GC(6) Concurrent Rebuild Remembered Sets and Scrub Regions 10.180ms
[2025-11-20T22:26:25.212+0100][gc,start    ] GC(6) Pause Cleanup
[2025-11-20T22:26:25.212+0100][gc          ] GC(6) Pause Cleanup 146M->146M(1024M) 0.385ms
[2025-11-20T22:26:25.212+0100][gc,cpu      ] GC(6) User=0.01s Sys=0.00s Real=0.00s
[2025-11-20T22:26:25.212+0100][gc,marking  ] GC(6) Concurrent Clear Claimed Marks
[2025-11-20T22:26:25.212+0100][gc,marking  ] GC(6) Concurrent Clear Claimed Marks 0.086ms
[2025-11-20T22:26:25.212+0100][gc,marking  ] GC(6) Concurrent Cleanup for Next Mark
[2025-11-20T22:26:25.214+0100][gc,marking  ] GC(6) Concurrent Cleanup for Next Mark 1.451ms
[2025-11-20T22:26:25.214+0100][gc          ] GC(6) Concurrent Mark Cycle 44.636ms
