[2025-11-20T22:26:02.646+0100][gc,init] CardTable entry size: 512
[2025-11-20T22:26:02.646+0100][gc     ] Using G1
[2025-11-20T22:26:02.668+0100][gc,init] Version: 21.0.8+9-Ubuntu-0ubuntu124.04.1 (release)
[2025-11-20T22:26:02.668+0100][gc,init] CPUs: 16 total, 16 available
[2025-11-20T22:26:02.668+0100][gc,init] Memory: 23443M
[2025-11-20T22:26:02.668+0100][gc,init] Large Page Support: Disabled
[2025-11-20T22:26:02.668+0100][gc,init] NUMA Support: Disabled
[2025-11-20T22:26:02.668+0100][gc,init] Compressed Oops: Enabled (32-bit)
[2025-11-20T22:26:02.668+0100][gc,init] Heap Region Size: 1M
[2025-11-20T22:26:02.668+0100][gc,init] Heap Min Capacity: 1G
[2025-11-20T22:26:02.668+0100][gc,init] Heap Initial Capacity: 1G
[2025-11-20T22:26:02.668+0100][gc,init] Heap Max Capacity: 1G
[2025-11-20T22:26:02.668+0100][gc,init] Pre-touch: Disabled
[2025-11-20T22:26:02.668+0100][gc,init] Parallel Workers: 13
[2025-11-20T22:26:02.668+0100][gc,init] Concurrent Workers: 3
[2025-11-20T22:26:02.668+0100][gc,init] Concurrent Refinement Workers: 13
[2025-11-20T22:26:02.668+0100][gc,init] Periodic GC: Disabled
[2025-11-20T22:26:02.681+0100][gc,metaspace] CDS archive(s) mapped at: [0x00007ad78b000000-0x00007ad78bca0000-0x00007ad78bca0000), size 13238272, SharedBaseAddress: 0x00007ad78b000000, ArchiveRelocationMode: 1.
[2025-11-20T22:26:02.681+0100][gc,metaspace] Compressed class space mapped at: 0x00007ad78c000000-0x00007ad7cc000000, reserved size: 1073741824
[2025-11-20T22:26:02.681+0100][gc,metaspace] Narrow klass base: 0x00007ad78b000000, Narrow klass shift: 0, Narrow klass range: 0x100000000
[2025-11-20T22:26:04.139+0100][gc,start    ] GC(0) Pause Young (Normal) (G1 Evacuation Pause)
[2025-11-20T22:26:04.141+0100][gc,task     ] GC(0) Using 13 workers of 13 for evacuation
[2025-11-20T22:26:04.148+0100][gc,phases   ] GC(0)   Pre Evacuate Collection Set: 0.4ms
[2025-11-20T22:26:04.148+0100][gc,phases   ] GC(0)   Merge Heap Roots: 0.3ms
[2025-11-20T22:26:04.148+0100][gc,phases   ] GC(0)   Evacuate Collection Set: 4.8ms
[2025-11-20T22:26:04.149+0100][gc,phases   ] GC(0)   Post Evacuate Collection Set: 1.5ms
[2025-11-20T22:26:04.149+0100][gc,phases   ] GC(0)   Other: 2.1ms
[2025-11-20T22:26:04.149+0100][gc,heap     ] GC(0) Eden regions: 51->0(44)
[2025-11-20T22:26:04.149+0100][gc,heap     ] GC(0) Survivor regions: 0->7(7)
[2025-11-20T22:26:04.149+0100][gc,heap     ] GC(0) Old regions: 2->4
[2025-11-20T22:26:04.149+0100][gc,heap     ] GC(0) Humongous regions: 0->0
[2025-11-20T22:26:04.149+0100][gc,metaspace] GC(0) Metaspace: 17033K(17280K)->17033K(17280K) NonClass: 15038K(15168K)->15038K(15168K) Class: 1995K(2112K)->1995K(2112K)
[2025-11-20T22:26:04.149+0100][gc          ] GC(0) Pause Young (Normal) (G1 Evacuation Pause) 52M->9M(1024M) 9.545ms
[2025-11-20T22:26:04.149+0100][gc,cpu      ] GC(0) User=0.04s Sys=0.02s Real=0.01s
[2025-11-20T22:26:04.469+0100][gc,start    ] GC(1) Pause Young (Concurrent Start) (Metadata GC Threshold)
[2025-11-20T22:26:04.469+0100][gc,task     ] GC(1) Using 13 workers of 13 for evacuation
[2025-11-20T22:26:04.479+0100][gc,phases   ] GC(1)   Pre Evacuate Collection Set: 0.5ms
[2025-11-20T22:26:04.479+0100][gc,phases   ] GC(1)   Merge Heap Roots: 0.2ms
[2025-11-20T22:26:04.479+0100][gc,phases   ] GC(1)   Evacuate Collection Set: 7.3ms
[2025-11-20T22:26:04.479+0100][gc,phases   ] GC(1)   Post Evacuate Collection Set: 1.5ms
[2025-11-20T22:26:04.479+0100][gc,phases   ] GC(1)   Other: 0.2ms
[2025-11-20T22:26:04.479+0100][gc,heap     ] GC(1) Eden regions: 16->0(49)
[2025-11-20T22:26:04.479+0100][gc,heap     ] GC(1) Survivor regions: 7->2(7)
[2025-11-20T22:26:04.479+0100][gc,heap     ] GC(1) Old regions: 4->11
[2025-11-20T22:26:04.479+0100][gc,heap     ] GC(1) Humongous regions: 0->0
[2025-11-20T22:26:04.479+0100][gc,metaspace] GC(1) Metaspace: 21381K(21504K)->21381K(21504K) NonClass: 18874K(18944K)->18874K(18944K) Class: 2507K(2560K)->2507K(2560K)
[2025-11-20T22:26:04.479+0100][gc          ] GC(1) Pause Young (Concurrent Start) (Metadata GC Threshold) 24M->10M(1024M) 9.952ms
[2025-11-20T22:26:04.479+0100][gc,cpu      ] GC(1) User=0.04s Sys=0.01s Real=0.01s
[2025-11-20T22:26:04.480+0100][gc          ] GC(2) Concurrent Mark Cycle
[2025-11-20T22:26:04.480+0100][gc,marking  ] GC(2) Concurrent Scan Root Regions
[2025-11-20T22:26:04.485+0100][gc,marking  ] GC(2) Concurrent Scan Root Regions 5.408ms
[2025-11-20T22:26:04.485+0100][gc,marking  ] GC(2) Concurrent Mark
[2025-11-20T22:26:04.485+0100][gc,marking  ] GC(2) Concurrent Mark From Roots
[2025-11-20T22:26:04.485+0100][gc,task     ] GC(2) Using 3 workers of 3 for marking
[2025-11-20T22:26:04.488+0100][gc,marking  ] GC(2) Concurrent Mark From Roots 3.144ms
[2025-11-20T22:26:04.488+0100][gc,marking  ] GC(2) Concurrent Preclean
[2025-11-20T22:26:04.488+0100][gc,marking  ] GC(2) Concurrent Preclean 0.035ms
[2025-11-20T22:26:04.492+0100][gc,start    ] GC(2) Pause Remark
[2025-11-20T22:26:04.500+0100][gc          ] GC(2) Pause Remark 11M->11M(1024M) 8.388ms
[2025-11-20T22:26:04.500+0100][gc,cpu      ] GC(2) User=0.02s Sys=0.00s Real=0.01s
[2025-11-20T22:26:04.500+0100][gc,marking  ] GC(2) Concurrent Mark 15.049ms
[2025-11-20T22:26:04.500+0100][gc,marking  ] GC(2) Concurrent Rebuild Remembered Sets and Scrub Regions
[2025-11-20T22:26:04.502+0100][gc,marking  ] GC(2) Concurrent Rebuild Remembered Sets and Scrub Regions 1.884ms
[2025-11-20T22:26:04.503+0100][gc,start    ] GC(2) Pause Cleanup
[2025-11-20T22:26:04.503+0100][gc          ] GC(2) Pause Cleanup 11M->11M(1024M) 0.248ms
[2025-11-20T22:26:04.503+0100][gc,cpu      ] GC(2) User=0.00s Sys=0.00s Real=0.01s
[2025-11-20T22:26:04.503+0100][gc,marking  ] GC(2) Concurrent Clear Claimed Marks
[2025-11-20T22:26:04.503+0100][gc,marking  ] GC(2) Concurrent Clear Claimed Marks 0.034ms
[2025-11-20T22:26:04.503+0100][gc,marking  ] GC(2) Concurrent Cleanup for Next Mark
[2025-11-20T22:26:04.508+0100][gc,marking  ] GC(2) Concurrent Cleanup for Next Mark 4.696ms
[2025-11-20T22:26:04.508+0100][gc          ] GC(2) Concurrent Mark Cycle 28.152ms
[2025-11-20T22:26:05.666+0100][gc,start    ] GC(3) Pause Young (Prepare Mixed) (G1 Evacuation Pause)
[2025-11-20T22:26:05.666+0100][gc,task     ] GC(3) Using 13 workers of 13 for evacuation
[2025-11-20T22:26:05.681+0100][gc,phases   ] GC(3)   Pre Evacuate Collection Set: 0.8ms
[2025-11-20T22:26:05.681+0100][gc,phases   ] GC(3)   Merge Heap Roots: 0.2ms
[2025-11-20T22:26:05.681+0100][gc,phases   ] GC(3)   Evacuate Collection Set: 11.5ms
[2025-11-20T22:26:05.681+0100][gc,phases   ] GC(3)   Post Evacuate Collection Set: 2.9ms
[2025-11-20T22:26:05.681+0100][gc,phases   ] GC(3)   Other: 0.1ms
[2025-11-20T22:26:05.682+0100][gc,heap     ] GC(3) Eden regions: 49->0(44)
[2025-11-20T22:26:05.682+0100][gc,heap     ] GC(3) Survivor regions: 2->7(7)
[2025-11-20T22:26:05.682+0100][gc,heap     ] GC(3) Old regions: 11->11
[2025-11-20T22:26:05.682+0100][gc,heap     ] GC(3) Humongous regions: 129->129
[2025-11-20T22:26:05.682+0100][gc,metaspace] GC(3) Metaspace: 32845K(33152K)->32845K(33152K) NonClass: 29286K(29440K)->29286K(29440K) Class: 3559K(3712K)->3559K(3712K)
[2025-11-20T22:26:05.682+0100][gc          ] GC(3) Pause Young (Prepare Mixed) (G1 Evacuation Pause) 188M->144M(1024M) 16.028ms
[2025-11-20T22:26:05.682+0100][gc,cpu      ] GC(3) User=0.07s Sys=0.01s Real=0.01s
[2025-11-20T22:26:05.895+0100][gc,start    ] GC(4) Pause Young (Mixed) (Metadata GC Threshold)
[2025-11-20T22:26:05.895+0100][gc,task     ] GC(4) Using 13 workers of 13 for evacuation
[2025-11-20T22:26:05.900+0100][gc,phases   ] GC(4)   Pre Evacuate Collection Set: 0.3ms
[2025-11-20T22:26:05.900+0100][gc,phases   ] GC(4)   Merge Heap Roots: 0.1ms
[2025-11-20T22:26:05.900+0100][gc,phases   ] GC(4)   Evacuate Collection Set: 4.0ms
[2025-11-20T22:26:05.900+0100][gc,phases   ] GC(4)   Post Evacuate Collection Set: 0.8ms
[2025-11-20T22:26:05.900+0100][gc,phases   ] GC(4)   Other: 0.1ms
[2025-11-20T22:26:05.900+0100][gc,heap     ] GC(4) Eden regions: 12->0(49)
[2025-11-20T22:26:05.900+0100][gc,heap     ] GC(4) Survivor regions: 7->2(7)
[2025-11-20T22:26:05.900+0100][gc,heap     ] GC(4) Old regions: 11->16
[2025-11-20T22:26:05.900+0100][gc,heap     ] GC(4) Humongous regions: 129->129
[2025-11-20T22:26:05.900+0100][gc,metaspace] GC(4) Metaspace: 35879K(36160K)->35879K(36160K) NonClass: 32000K(32128K)->32000K(32128K) Class: 3878K(4032K)->3878K(4032K)
[2025-11-20T22:26:05.900+0100][gc          ] GC(4) Pause Young (Mixed) (Metadata GC Threshold) 156M->145M(1024M) 5.546ms
[2025-11-20T22:26:05.900+0100][gc,cpu      ] GC(4) User=0.03s Sys=0.02s Real=0.00s
[2025-11-20T22:26:05.922+0100][gc,start    ] GC(5) Pause Young (Concurrent Start) (Metadata GC Threshold)
[2025-11-20T22:26:05.922+0100][gc,task     ] GC(5) Using 13 workers of 13 for evacuation
[2025-11-20T22:26:05.926+0100][gc,phases   ] GC(5)   Pre Evacuate Collection Set: 0.5ms
[2025-11-20T22:26:05.926+0100][gc,phases   ] GC(5)   Merge Heap Roots: 0.1ms
[2025-11-20T22:26:05.926+0100][gc,phases   ] GC(5)   Evacuate Collection Set: 1.3ms
[2025-11-20T22:26:05.926+0100][gc,phases   ] GC(5)   Post Evacuate Collection Set: 1.1ms
[2025-11-20T22:26:05.926+0100][gc,phases   ] GC(5)   Other: 0.5ms
[2025-11-20T22:26:05.926+0100][gc,heap     ] GC(5) Eden regions: 2->0(50)
[2025-11-20T22:26:05.926+0100][gc,heap     ] GC(5) Survivor regions: 2->1(7)
[2025-11-20T22:26:05.926+0100][gc,heap     ] GC(5) Old regions: 16->16
[2025-11-20T22:26:05.926+0100][gc,heap     ] GC(5) Humongous regions: 129->129
[2025-11-20T22:26:05.926+0100][gc,metaspace] GC(5) Metaspace: 36180K(36480K)->36180K(36480K) NonClass: 32255K(32384K)->32255K(32384K) Class: 3925K(4096K)->3925K(4096K)
[2025-11-20T22:26:05.926+0100][gc          ] GC(5) Pause Young (Concurrent Start) (Metadata GC Threshold) 147M->145M(1024M) 4.092ms
[2025-11-20T22:26:05.926+0100][gc,cpu      ] GC(5) User=0.02s Sys=0.01s Real=0.01s
[2025-11-20T22:26:05.926+0100][gc          ] GC(6) Concurrent Mark Cycle
[2025-11-20T22:26:05.926+0100][gc,marking  ] GC(6) Concurrent Scan Root Regions
[2025-11-20T22:26:05.927+0100][gc,marking  ] GC(6) Concurrent Scan Root Regions 1.463ms
[2025-11-20T22:26:05.928+0100][gc,marking  ] GC(6) Concurrent Mark
[2025-11-20T22:26:05.928+0100][gc,marking  ] GC(6) Concurrent Mark From Roots
[2025-11-20T22:26:05.928+0100][gc,task     ] GC(6) Using 3 workers of 3 for marking
[2025-11-20T22:26:05.945+0100][gc,marking  ] GC(6) Concurrent Mark From Roots 17.628ms
[2025-11-20T22:26:05.945+0100][gc,marking  ] GC(6) Concurrent Preclean
[2025-11-20T22:26:05.946+0100][gc,marking  ] GC(6) Concurrent Preclean 0.624ms
[2025-11-20T22:26:05.947+0100][gc,start    ] GC(6) Pause Remark
[2025-11-20T22:26:05.958+0100][gc          ] GC(6) Pause Remark 147M->147M(1024M) 11.051ms
[2025-11-20T22:26:05.959+0100][gc,cpu      ] GC(6) User=0.04s Sys=0.00s Real=0.01s
[2025-11-20T22:26:05.959+0100][gc,marking  ] GC(6) Concurrent Mark 31.102ms
[2025-11-20T22:26:05.959+0100][gc,marking  ] GC(6) Concurrent Rebuild Remembered Sets and Scrub Regions
[2025-11-20T22:26:05.965+0100][gc,marking  ] GC(6) Concurrent Rebuild Remembered Sets and Scrub Regions 6.156ms
[2025-11-20T22:26:05.965+0100][gc,start    ] GC(6) Pause Cleanup
[2025-11-20T22:26:05.966+0100][gc          ] GC(6) Pause Cleanup 147M->147M(1024M) 0.429ms
[2025-11-20T22:26:05.966+0100][gc,cpu      ] GC(6) User=0.00s Sys=0.00s Real=0.00s
[2025-11-20T22:26:05.966+0100][gc,marking  ] GC(6) Concurrent Clear Claimed Marks
[2025-11-20T22:26:05.966+0100][gc,marking  ] GC(6) Concurrent Clear Claimed Marks 0.053ms
[2025-11-20T22:26:05.966+0100][gc,marking  ] GC(6) Concurrent Cleanup for Next Mark
[2025-11-20T22:26:05.967+0100][gc,marking  ] GC(6) Concurrent Cleanup for Next Mark 1.444ms
[2025-11-20T22:26:05.967+0100][gc          ] GC(6) Concurrent Mark Cycle 41.456ms
[2025-11-20T22:26:18.706+0100][gc,heap,exit] Heap
[2025-11-20T22:26:18.706+0100][gc,heap,exit]  garbage-first heap   total 1048576K, used 169117K [0x00000000c0000000, 0x0000000100000000)
[2025-11-20T22:26:18.706+0100][gc,heap,exit]   region size 1024K, 21 young (21504K), 1 survivors (1024K)
[2025-11-20T22:26:18.706+0100][gc,heap,exit]  Metaspace       used 39216K, committed 39552K, reserved 1114112K
[2025-11-20T22:26:18.706+0100][gc,heap,exit]   class space    used 4432K, committed 4544K, reserved 1048576K
