[2025-11-20T22:25:03.444+0100][gc,init] CardTable entry size: 512
[2025-11-20T22:25:03.444+0100][gc     ] Using G1
[2025-11-20T22:25:03.453+0100][gc,init] Version: 21.0.8+9-Ubuntu-0ubuntu124.04.1 (release)
[2025-11-20T22:25:03.453+0100][gc,init] CPUs: 16 total, 16 available
[2025-11-20T22:25:03.453+0100][gc,init] Memory: 23443M
[2025-11-20T22:25:03.453+0100][gc,init] Large Page Support: Disabled
[2025-11-20T22:25:03.453+0100][gc,init] NUMA Support: Disabled
[2025-11-20T22:25:03.453+0100][gc,init] Compressed Oops: Enabled (32-bit)
[2025-11-20T22:25:03.453+0100][gc,init] Heap Region Size: 1M
[2025-11-20T22:25:03.453+0100][gc,init] Heap Min Capacity: 512M
[2025-11-20T22:25:03.453+0100][gc,init] Heap Initial Capacity: 512M
[2025-11-20T22:25:03.453+0100][gc,init] Heap Max Capacity: 512M
[2025-11-20T22:25:03.453+0100][gc,init] Pre-touch: Disabled
[2025-11-20T22:25:03.453+0100][gc,init] Parallel Workers: 13
[2025-11-20T22:25:03.453+0100][gc,init] Concurrent Workers: 3
[2025-11-20T22:25:03.453+0100][gc,init] Concurrent Refinement Workers: 13
[2025-11-20T22:25:03.453+0100][gc,init] Periodic GC: Disabled
[2025-11-20T22:25:03.465+0100][gc,metaspace] CDS archive(s) mapped at: [0x000077167b000000-0x000077167bca0000-0x000077167bca0000), size 13238272, SharedBaseAddress: 0x000077167b000000, ArchiveRelocationMode: 1.
[2025-11-20T22:25:03.465+0100][gc,metaspace] Compressed class space mapped at: 0x000077167c000000-0x00007716bc000000, reserved size: 1073741824
[2025-11-20T22:25:03.465+0100][gc,metaspace] Narrow klass base: 0x000077167b000000, Narrow klass shift: 0, Narrow klass range: 0x100000000
[2025-11-20T22:25:04.203+0100][gc,start    ] GC(0) Pause Young (Normal) (G1 Evacuation Pause)
[2025-11-20T22:25:04.205+0100][gc,task     ] GC(0) Using 12 workers of 13 for evacuation
[2025-11-20T22:25:04.209+0100][gc,phases   ] GC(0)   Pre Evacuate Collection Set: 0.3ms
[2025-11-20T22:25:04.210+0100][gc,phases   ] GC(0)   Merge Heap Roots: 0.1ms
[2025-11-20T22:25:04.210+0100][gc,phases   ] GC(0)   Evacuate Collection Set: 3.1ms
[2025-11-20T22:25:04.210+0100][gc,phases   ] GC(0)   Post Evacuate Collection Set: 1.0ms
[2025-11-20T22:25:04.210+0100][gc,phases   ] GC(0)   Other: 1.6ms
[2025-11-20T22:25:04.210+0100][gc,heap     ] GC(0) Eden regions: 25->0(21)
[2025-11-20T22:25:04.210+0100][gc,heap     ] GC(0) Survivor regions: 0->4(4)
[2025-11-20T22:25:04.210+0100][gc,heap     ] GC(0) Old regions: 2->6
[2025-11-20T22:25:04.210+0100][gc,heap     ] GC(0) Humongous regions: 0->0
[2025-11-20T22:25:04.210+0100][gc,metaspace] GC(0) Metaspace: 7842K(8064K)->7842K(8064K) NonClass: 7022K(7168K)->7022K(7168K) Class: 819K(896K)->819K(896K)
[2025-11-20T22:25:04.210+0100][gc          ] GC(0) Pause Young (Normal) (G1 Evacuation Pause) 26M->8M(512M) 6.471ms
[2025-11-20T22:25:04.210+0100][gc,cpu      ] GC(0) User=0.02s Sys=0.02s Real=0.00s
